// Jest Snapshot v1, https://goo.gl/fbAQLP

exports[`<OfficialFeedback /> matches the snapshot for none-admins 1`] = `
<OfficialFeedback__Container
  className=""
>
  <OfficialFeedbackFeed
    editingAllowed={false}
    postId="ideaId"
    postType="idea"
  />
</OfficialFeedback__Container>
`;
